<h1>Hello World</h1>

<p>This is an introduction to my blog!</p>

Tags: <ul><li>welcome</li><li>wall-of-text</li></ul>